\BOOKMARK [0][-]{chapter.1}{\376\377\000C\000a\000d\000r\000e\000\040\000d\000u\000\040\000p\000r\000o\000j\000e\000t}{}% 1
\BOOKMARK [1][-]{section*.9}{\376\377\000I\000n\000t\000r\000o\000d\000u\000c\000t\000i\000o\000n}{chapter.1}% 2
\BOOKMARK [1][-]{section.1.1}{\376\377\000P\000r\000e\000s\000e\000n\000t\000a\000t\000i\000o\000n\000\040\000d\000e\000\040\000l\000'\000o\000r\000g\000a\000n\000i\000s\000m\000e\000\040\000d\000'\000a\000c\000c\000u\000e\000i\000l}{chapter.1}% 3
\BOOKMARK [2][-]{subsection.1.1.1}{\376\377\000S\000e\000c\000t\000e\000u\000r\000s\000\040\000d\000'\000a\000c\000t\000i\000v\000i\000t\000e}{section.1.1}% 4
\BOOKMARK [2][-]{subsection.1.1.2}{\376\377\000O\000r\000g\000a\000n\000i\000g\000r\000a\000m\000m\000e\000\040\000d\000e\000\040\000l\000'\000e\000n\000t\000r\000e\000p\000r\000i\000s\000e\000\040\000d\000'\000a\000c\000c\000u\000e\000i\000l}{section.1.1}% 5
\BOOKMARK [1][-]{section.1.2}{\376\377\000P\000r\000e\000s\000e\000n\000t\000a\000t\000i\000o\000n\000\040\000d\000u\000\040\000p\000r\000o\000j\000e\000t}{chapter.1}% 6
\BOOKMARK [2][-]{subsection.1.2.1}{\376\377\000O\000b\000j\000e\000c\000t\000i\000f\000s\000\040\000d\000u\000\040\000p\000r\000o\000j\000e\000t}{section.1.2}% 7
\BOOKMARK [1][-]{section.1.3}{\376\377\000E\000t\000u\000d\000e\000\040\000d\000e\000\040\000l\000'\000e\000x\000i\000s\000t\000a\000n\000t}{chapter.1}% 8
\BOOKMARK [1][-]{section.1.4}{\376\377\000C\000r\000i\000t\000i\000q\000u\000e\000\040\000d\000e\000\040\000l\000'\000e\000x\000i\000s\000t\000a\000n\000t}{chapter.1}% 9
\BOOKMARK [1][-]{section.1.5}{\376\377\000P\000r\000o\000b\000l\000e\000m\000a\000t\000i\000q\000u\000e}{chapter.1}% 10
\BOOKMARK [1][-]{section.1.6}{\376\377\000S\000o\000l\000u\000t\000i\000o\000n\000\040\000p\000r\000o\000p\000o\000s\000e\000e}{chapter.1}% 11
\BOOKMARK [1][-]{section.1.7}{\376\377\000M\000e\000t\000h\000o\000d\000o\000l\000o\000g\000i\000e}{chapter.1}% 12
\BOOKMARK [2][-]{subsection.1.7.1}{\376\377\000P\000h\000a\000s\000e\000\040\000d\000'\000a\000n\000a\000l\000y\000s\000e}{section.1.7}% 13
\BOOKMARK [2][-]{subsection.1.7.2}{\376\377\000P\000h\000a\000s\000e\000\040\000d\000e\000\040\000c\000o\000n\000c\000e\000p\000t\000i\000o\000n\000\040\000e\000t\000\040\000d\000'\000i\000n\000t\000e\000g\000r\000a\000t\000i\000o\000n}{section.1.7}% 14
\BOOKMARK [3][-]{subsubsection.1.7.2.1}{\376\377\000P\000r\000i\000n\000c\000i\000p\000e\000\040\000d\000i\000r\000e\000c\000t\000e\000u\000r}{subsection.1.7.2}% 15
\BOOKMARK [2][-]{subsection.1.7.3}{\376\377\000C\000o\000m\000p\000a\000r\000a\000i\000s\000o\000n\000\040\000d\000e\000s\000\040\000m\000e\000t\000h\000o\000d\000o\000l\000o\000g\000i\000e\000s}{section.1.7}% 16
\BOOKMARK [3][-]{subsubsection.1.7.3.1}{\376\377\000C\000o\000m\000p\000a\000r\000a\000i\000s\000o\000n\000\040\000d\000e\000s\000\040\000m\000e\000t\000h\000o\000d\000o\000l\000o\000g\000i\000e\000s\000\040\000d\000e\000\040\000d\000e\000v\000e\000l\000o\000p\000p\000e\000m\000e\000n\000t\000\040\000l\000o\000g\000i\000c\000i\000e\000l}{subsection.1.7.3}% 17
\BOOKMARK [3][-]{subsubsection.1.7.3.2}{\376\377\000C\000o\000m\000p\000a\000r\000a\000i\000s\000o\000n\000\040\000d\000e\000s\000\040\000m\000e\000t\000h\000o\000d\000o\000l\000o\000g\000i\000e\000s\000\040\000I\000A\000\040\000/\000\040\000D\000a\000t\000a\000\040\000S\000c\000i\000e\000n\000c\000e}{subsection.1.7.3}% 18
\BOOKMARK [2][-]{subsection.1.7.4}{\376\377\000C\000h\000o\000i\000x\000\040\000d\000e\000s\000\040\000m\000e\000t\000h\000o\000d\000o\000l\000o\000g\000i\000e\000s\000\040\000a\000d\000o\000p\000t\000e\000e\000s}{section.1.7}% 19
\BOOKMARK [2][-]{subsection.1.7.5}{\376\377\000M\000e\000t\000h\000o\000d\000o\000l\000o\000g\000i\000e\000\040\000A\000g\000i\000l\000e\000\040\000S\000c\000r\000u\000m\000\040\000p\000o\000u\000r\000\040\000l\000e\000\040\000d\000e\000v\000e\000l\000o\000p\000p\000e\000m\000e\000n\000t\000\040\000l\000o\000g\000i\000c\000i\000e\000l}{section.1.7}% 20
\BOOKMARK [3][-]{subsubsection.1.7.5.1}{\376\377\000L\000e\000s\000\040\000r\000o\000l\000e\000s\000\040\000S\000c\000r\000u\000m}{subsection.1.7.5}% 21
\BOOKMARK [2][-]{subsection.1.7.6}{\376\377\000M\000e\000t\000h\000o\000d\000o\000l\000o\000g\000i\000e\000\040\000C\000R\000I\000S\000P\000-\000D\000M\000\040\000p\000o\000u\000r\000\040\000l\000e\000s\000\040\000m\000o\000d\000u\000l\000e\000s\000\040\000I\000A}{section.1.7}% 22
\BOOKMARK [1][-]{section.1.8}{\376\377\000L\000a\000n\000g\000a\000g\000e\000\040\000d\000e\000\040\000m\000o\000d\000e\000l\000i\000s\000a\000t\000i\000o\000n\000\040\000U\000M\000L}{chapter.1}% 23
\BOOKMARK [1][-]{section*.10}{\376\377\000C\000o\000n\000c\000l\000u\000s\000i\000o\000n}{chapter.1}% 24
\BOOKMARK [0][-]{chapter.2}{\376\377\000S\000p\000\351\000c\000i\000f\000i\000c\000a\000t\000i\000o\000n\000s\000\040\000d\000e\000s\000\040\000b\000e\000s\000o\000i\000n\000s\000\040\000e\000t\000\040\000P\000l\000a\000n\000i\000f\000i\000c\000a\000t\000i\000o\000n\000\040\000d\000u\000\040\000p\000r\000o\000j\000e\000t}{}% 25
\BOOKMARK [1][-]{section*.11}{\376\377\000I\000n\000t\000r\000o\000d\000u\000c\000t\000i\000o\000n}{chapter.2}% 26
\BOOKMARK [1][-]{section.2.1}{\376\377\000S\000p\000\351\000c\000i\000f\000i\000c\000a\000t\000i\000o\000n\000s\000\040\000d\000e\000s\000\040\000b\000e\000s\000o\000i\000n\000s}{chapter.2}% 27
\BOOKMARK [2][-]{subsection.2.1.1}{\376\377\000I\000d\000e\000n\000t\000i\000f\000i\000c\000a\000t\000i\000o\000n\000\040\000d\000e\000s\000\040\000a\000c\000t\000e\000u\000r\000s}{section.2.1}% 28
\BOOKMARK [2][-]{subsection.2.1.2}{\376\377\000B\000e\000s\000o\000i\000n\000s\000\040\000f\000o\000n\000c\000t\000i\000o\000n\000n\000e\000l\000s}{section.2.1}% 29
\BOOKMARK [2][-]{subsection.2.1.3}{\376\377\000B\000e\000s\000o\000i\000n\000s\000\040\000n\000o\000n\000\040\000f\000o\000n\000c\000t\000i\000o\000n\000n\000e\000l\000s}{section.2.1}% 30
\BOOKMARK [2][-]{subsection.2.1.4}{\376\377\000B\000a\000c\000k\000l\000o\000g\000\040\000p\000r\000o\000d\000u\000i\000t}{section.2.1}% 31
\BOOKMARK [1][-]{section.2.2}{\376\377\000A\000r\000c\000h\000i\000t\000e\000c\000t\000u\000r\000e\000\040\000l\000o\000g\000i\000q\000u\000e\000\040\000e\000t\000\040\000p\000h\000y\000s\000i\000q\000u\000e\000\040\000g\000l\000o\000b\000a\000l\000e\000\040\000d\000e\000\040\000l\000'\000a\000p\000p\000l\000i\000c\000a\000t\000i\000o\000n}{chapter.2}% 32
\BOOKMARK [2][-]{subsection.2.2.1}{\376\377\000A\000r\000c\000h\000i\000t\000e\000c\000t\000u\000r\000e\000\040\000p\000h\000y\000s\000i\000q\000u\000e\000\040\000d\000e\000\040\000l\000'\000a\000p\000p\000l\000i\000c\000a\000t\000i\000o\000n}{section.2.2}% 33
\BOOKMARK [2][-]{subsection.2.2.2}{\376\377\000A\000r\000c\000h\000i\000t\000e\000c\000t\000u\000r\000e\000\040\000l\000o\000g\000i\000q\000u\000e\000\040\000d\000e\000\040\000l\000'\000a\000p\000p\000l\000i\000c\000a\000t\000i\000o\000n}{section.2.2}% 34
\BOOKMARK [1][-]{section.2.3}{\376\377\000D\000i\000a\000g\000r\000a\000m\000m\000e\000s\000\040\000U\000M\000L}{chapter.2}% 35
\BOOKMARK [2][-]{subsection.2.3.1}{\376\377\000D\000i\000a\000g\000r\000a\000m\000m\000e\000\040\000d\000e\000\040\000c\000a\000s\000\040\000d\000'\000u\000t\000i\000l\000i\000s\000a\000t\000i\000o\000n\000\040\000g\000l\000o\000b\000a\000l}{section.2.3}% 36
\BOOKMARK [2][-]{subsection.2.3.2}{\376\377\000D\000i\000a\000g\000r\000a\000m\000m\000e\000\040\000d\000e\000s\000\040\000c\000l\000a\000s\000s\000e\000s\000\040\000d\000'\000a\000n\000a\000l\000y\000s\000e\000\040\000g\000l\000o\000b\000a\000l}{section.2.3}% 37
\BOOKMARK [2][-]{subsection.2.3.3}{\376\377\000D\000i\000a\000g\000r\000a\000m\000m\000e\000\040\000d\000e\000\040\000c\000a\000s\000\040\000d\000'\000u\000t\000i\000l\000i\000s\000a\000t\000i\000o\000n\000\040\000g\000l\000o\000b\000a\000l\000\040\000d\000e\000s\000\040\000w\000o\000r\000k\000f\000l\000o\000w\000s\000\040\000n\0008\000n}{section.2.3}% 38
\BOOKMARK [1][-]{section.2.4}{\376\377\000\311\000t\000u\000d\000e\000\040\000d\000e\000s\000\040\000o\000u\000t\000i\000l\000s}{chapter.2}% 39
\BOOKMARK [2][-]{subsection.2.4.1}{\376\377\000L\000o\000g\000i\000c\000i\000e\000l\000s\000\040\000u\000t\000i\000l\000i\000s\000e\000s}{section.2.4}% 40
\BOOKMARK [2][-]{subsection.2.4.2}{\376\377\000T\000e\000c\000h\000n\000o\000l\000o\000g\000i\000e\000s\000\040\000u\000t\000i\000l\000i\000s\000e\000e\000s}{section.2.4}% 41
\BOOKMARK [2][-]{subsection.2.4.3}{\376\377\000E\000x\000p\000l\000i\000c\000a\000t\000i\000o\000n\000\040\000d\000u\000\040\000c\000h\000o\000i\000x\000\040\000d\000e\000s\000\040\000t\000e\000c\000h\000n\000o\000l\000o\000g\000i\000e\000s}{section.2.4}% 42
\BOOKMARK [2][-]{subsection.2.4.4}{\376\377\000E\000n\000v\000i\000r\000o\000n\000n\000e\000m\000e\000n\000t\000\040\000m\000a\000t\000e\000r\000i\000e\000l}{section.2.4}% 43
\BOOKMARK [1][-]{section*.12}{\376\377\000C\000o\000n\000c\000l\000u\000s\000i\000o\000n}{chapter.2}% 44
\BOOKMARK [0][-]{chapter.3}{\376\377\000C\000o\000n\000c\000e\000p\000t\000i\000o\000n\000\040\000e\000t\000\040\000r\000\351\000a\000l\000i\000s\000a\000t\000i\000o\000n}{}% 45
\BOOKMARK [1][-]{section.3.1}{\376\377\000I\000n\000t\000r\000o\000d\000u\000c\000t\000i\000o\000n}{chapter.3}% 46
\BOOKMARK [1][-]{section.3.2}{\376\377\000A\000r\000c\000h\000i\000t\000e\000c\000t\000u\000r\000e\000\040\000g\000l\000o\000b\000a\000l\000e\000\040\000d\000u\000\040\000s\000y\000s\000t\000e\000m\000e}{chapter.3}% 47
\BOOKMARK [1][-]{section.3.3}{\376\377\000C\000o\000n\000c\000e\000p\000t\000i\000o\000n\000\040\000U\000M\000L}{chapter.3}% 48
\BOOKMARK [2][-]{subsection.3.3.1}{\376\377\000D\000i\000a\000g\000r\000a\000m\000m\000e\000\040\000d\000e\000\040\000c\000l\000a\000s\000s\000e\000s}{section.3.3}% 49
\BOOKMARK [2][-]{subsection.3.3.2}{\376\377\000D\000i\000a\000g\000r\000a\000m\000m\000e\000s\000\040\000d\000e\000\040\000c\000a\000s\000\040\000d\000'\000u\000t\000i\000l\000i\000s\000a\000t\000i\000o\000n}{section.3.3}% 50
\BOOKMARK [2][-]{subsection.3.3.3}{\376\377\000D\000i\000a\000g\000r\000a\000m\000m\000e\000s\000\040\000d\000e\000\040\000c\000a\000s\000\040\000d\000'\000u\000t\000i\000l\000i\000s\000a\000t\000i\000o\000n\000\040\000n\0008\000n}{section.3.3}% 51
\BOOKMARK [3][-]{subsubsection.3.3.3.1}{\376\377\000P\000u\000b\000l\000i\000c\000a\000t\000i\000o\000n\000\040\000e\000t\000\040\000s\000u\000i\000v\000i\000\040\000a\000u\000t\000o\000m\000a\000t\000i\000q\000u\000e\000\040\000d\000e\000\040\000l\000'\000e\000n\000g\000a\000g\000e\000m\000e\000n\000t\000\040\000d\000e\000s\000\040\000p\000o\000s\000t\000s\000\040\000H\000i\000r\000e\000C\000u\000e}{subsection.3.3.3}% 52
\BOOKMARK [3][-]{subsubsection.3.3.3.2}{\376\377\000P\000u\000b\000l\000i\000c\000a\000t\000i\000o\000n\000\040\000d\000e\000s\000\040\000o\000f\000f\000r\000e\000s\000\040\000d\000'\000e\000m\000p\000l\000o\000i\000\040\000s\000u\000r\000\040\000L\000i\000n\000k\000e\000d\000I\000n}{subsection.3.3.3}% 53
\BOOKMARK [3][-]{subsubsection.3.3.3.3}{\376\377\000A\000u\000t\000o\000m\000a\000t\000i\000s\000a\000t\000i\000o\000n\000\040\000d\000e\000s\000\040\000m\000e\000s\000s\000a\000g\000e\000s\000\040\000L\000i\000n\000k\000e\000d\000I\000n\000\040\000p\000o\000u\000r\000\040\000l\000a\000\040\000p\000r\000i\000s\000e\000\040\000d\000e\000\040\000c\000o\000n\000t\000a\000c\000t\000\040\000a\000v\000e\000c\000\040\000d\000e\000s\000\040\000P\000D\000G\000\040\000e\000t\000\040\000f\000o\000n\000d\000a\000t\000e\000u\000r\000s}{subsection.3.3.3}% 54
\BOOKMARK [2][-]{subsection.3.3.4}{\376\377\000D\000i\000a\000g\000r\000a\000m\000m\000e\000\040\000d\000e\000\040\000s\000e\000q\000u\000e\000n\000c\000e}{section.3.3}% 55
\BOOKMARK [3][-]{subsubsection.3.3.4.1}{\376\377\000D\000i\000a\000g\000r\000a\000m\000m\000e\000\040\000d\000e\000\040\000s\000e\000q\000u\000e\000n\000c\000e\000\040\000-\000\040\000G\000e\000n\000e\000r\000a\000t\000i\000o\000n\000\040\000d\000e\000\040\000r\000o\000a\000d\000m\000a\000p}{subsection.3.3.4}% 56
\BOOKMARK [3][-]{subsubsection.3.3.4.2}{\376\377\000D\000i\000a\000g\000r\000a\000m\000m\000e\000\040\000d\000e\000\040\000s\000e\000q\000u\000e\000n\000c\000e\000\040\000-\000\040\000R\000e\000c\000o\000m\000m\000a\000n\000d\000a\000t\000i\000o\000n\000s\000\040\000I\000A}{subsection.3.3.4}% 57
\BOOKMARK [3][-]{subsubsection.3.3.4.3}{\376\377\000D\000i\000a\000g\000r\000a\000m\000m\000e\000\040\000d\000e\000\040\000s\000e\000q\000u\000e\000n\000c\000e\000\040\000-\000\040\000S\000c\000o\000r\000e\000\040\000e\000x\000p\000l\000i\000c\000a\000b\000l\000e}{subsection.3.3.4}% 58
\BOOKMARK [2][-]{subsection.3.3.5}{\376\377\000D\000i\000a\000g\000r\000a\000m\000m\000e\000\040\000d\000'\000a\000c\000t\000i\000v\000i\000t\000e}{section.3.3}% 59
\BOOKMARK [1][-]{section.3.4}{\376\377\000C\000o\000n\000c\000e\000p\000t\000i\000o\000n\000\040\000f\000o\000n\000c\000t\000i\000o\000n\000n\000e\000l\000l\000e}{chapter.3}% 60
\BOOKMARK [2][-]{subsection.3.4.1}{\376\377\000G\000e\000s\000t\000i\000o\000n\000\040\000d\000e\000s\000\040\000c\000a\000n\000d\000i\000d\000a\000t\000s}{section.3.4}% 61
\BOOKMARK [2][-]{subsection.3.4.2}{\376\377\000R\000a\000p\000p\000o\000r\000t\000\040\000d\000e\000\040\000s\000c\000o\000r\000e\000\040\000e\000x\000p\000l\000i\000c\000a\000b\000l\000e}{section.3.4}% 62
\BOOKMARK [2][-]{subsection.3.4.3}{\376\377\000R\000e\000c\000o\000m\000m\000a\000n\000d\000a\000t\000i\000o\000n\000s\000\040\000I\000A\000\040\000c\000o\000t\000e\000\040\000r\000e\000c\000r\000u\000t\000e\000u\000r}{section.3.4}% 63
\BOOKMARK [2][-]{subsection.3.4.4}{\376\377\000S\000k\000i\000l\000l\000\040\000G\000a\000p\000\040\000R\000o\000a\000d\000m\000a\000p}{section.3.4}% 64
\BOOKMARK [2][-]{subsection.3.4.5}{\376\377\000C\000h\000a\000t\000b\000o\000t\000\040\000R\000A\000G}{section.3.4}% 65
\BOOKMARK [2][-]{subsection.3.4.6}{\376\377\000Q\000u\000e\000s\000t\000i\000o\000n\000s\000\040\000p\000e\000r\000s\000o\000n\000n\000a\000l\000i\000s\000e\000e\000s}{section.3.4}% 66
\BOOKMARK [2][-]{subsection.3.4.7}{\376\377\000C\000a\000n\000d\000i\000d\000a\000t\000e\000\040\000E\000n\000g\000a\000g\000e\000m\000e\000n\000t\000\040\000\046\000\040\000M\000o\000t\000i\000v\000a\000t\000i\000o\000n\000\040\000I\000n\000s\000i\000g\000h\000t\000s}{section.3.4}% 67
\BOOKMARK [2][-]{subsection.3.4.8}{\376\377\000R\000e\000e\000n\000g\000a\000g\000e\000m\000e\000n\000t\000\040\000d\000e\000s\000\040\000c\000a\000n\000d\000i\000d\000a\000t\000s}{section.3.4}% 68
\BOOKMARK [2][-]{subsection.3.4.9}{\376\377\000R\000e\000l\000a\000n\000c\000e\000\040\000a\000d\000m\000i\000n\000\040\000d\000e\000s\000\040\000c\000a\000n\000d\000i\000d\000a\000t\000s\000\040\000i\000n\000a\000c\000t\000i\000f\000s}{section.3.4}% 69
\BOOKMARK [2][-]{subsection.3.4.10}{\376\377\000S\000m\000a\000r\000t\000\040\000C\000a\000n\000d\000i\000d\000a\000t\000e\000\040\000R\000i\000s\000k\000\040\000A\000l\000e\000r\000t\000s}{section.3.4}% 70
\BOOKMARK [2][-]{subsection.3.4.11}{\376\377\000S\000c\000r\000a\000p\000i\000n\000g\000\040\000d\000e\000s\000\040\000d\000o\000n\000n\000\351\000e\000s\000\040\000e\000x\000t\000e\000r\000n\000e\000s}{section.3.4}% 71
\BOOKMARK [1][-]{section.3.5}{\376\377\000C\000o\000n\000c\000e\000p\000t\000i\000o\000n\000\040\000t\000e\000c\000h\000n\000i\000q\000u\000e}{chapter.3}% 72
\BOOKMARK [2][-]{subsection.3.5.1}{\376\377\000A\000r\000c\000h\000i\000t\000e\000c\000t\000u\000r\000e\000\040\000b\000a\000c\000k\000e\000n\000d}{section.3.5}% 73
\BOOKMARK [2][-]{subsection.3.5.2}{\376\377\000B\000a\000s\000e\000\040\000d\000e\000\040\000d\000o\000n\000n\000\351\000e\000s}{section.3.5}% 74
\BOOKMARK [2][-]{subsection.3.5.3}{\376\377\000I\000n\000t\000e\000g\000r\000a\000t\000i\000o\000n\000\040\000n\0008\000n}{section.3.5}% 75
\BOOKMARK [2][-]{subsection.3.5.4}{\376\377\000I\000n\000t\000e\000g\000r\000a\000t\000i\000o\000n\000\040\000P\000h\000a\000n\000t\000o\000m\000B\000u\000s\000t\000e\000r}{section.3.5}% 76
\BOOKMARK [2][-]{subsection.3.5.5}{\376\377\000I\000n\000t\000e\000g\000r\000a\000t\000i\000o\000n\000\040\000U\000n\000i\000P\000i\000l\000e}{section.3.5}% 77
\BOOKMARK [2][-]{subsection.3.5.6}{\376\377\000G\000e\000s\000t\000i\000o\000n\000\040\000d\000u\000\040\000c\000a\000c\000h\000e\000\040\000e\000t\000\040\000d\000e\000s\000\040\000t\000r\000a\000i\000t\000e\000m\000e\000n\000t\000s\000\040\000a\000s\000y\000n\000c\000h\000r\000o\000n\000e\000s}{section.3.5}% 78
\BOOKMARK [1][-]{section.3.6}{\376\377\000I\000m\000p\000l\000e\000m\000e\000n\000t\000a\000t\000i\000o\000n\000\040\000d\000e\000s\000\040\000f\000o\000n\000c\000t\000i\000o\000n\000n\000a\000l\000i\000t\000e\000s}{chapter.3}% 79
\BOOKMARK [2][-]{subsection.3.6.1}{\376\377\000S\000c\000o\000r\000e\000\040\000e\000x\000p\000l\000i\000c\000a\000b\000l\000e}{section.3.6}% 80
\BOOKMARK [2][-]{subsection.3.6.2}{\376\377\000A\000I\000\040\000R\000e\000c\000o\000m\000m\000e\000n\000d\000a\000t\000i\000o\000n\000s}{section.3.6}% 81
\BOOKMARK [2][-]{subsection.3.6.3}{\376\377\000S\000k\000i\000l\000l\000\040\000G\000a\000p\000\040\000R\000o\000a\000d\000m\000a\000p}{section.3.6}% 82
\BOOKMARK [2][-]{subsection.3.6.4}{\376\377\000R\000o\000a\000d\000m\000a\000p\000\040\000C\000h\000a\000t\000b\000o\000t\000\040\000R\000A\000G}{section.3.6}% 83
\BOOKMARK [2][-]{subsection.3.6.5}{\376\377\000Q\000u\000e\000s\000t\000i\000o\000n\000s\000\040\000p\000e\000r\000s\000o\000n\000n\000a\000l\000i\000s\000e\000e\000s}{section.3.6}% 84
\BOOKMARK [2][-]{subsection.3.6.6}{\376\377\000C\000a\000n\000d\000i\000d\000a\000t\000e\000\040\000E\000n\000g\000a\000g\000e\000m\000e\000n\000t\000\040\000\046\000\040\000M\000o\000t\000i\000v\000a\000t\000i\000o\000n\000\040\000I\000n\000s\000i\000g\000h\000t\000s}{section.3.6}% 85
\BOOKMARK [2][-]{subsection.3.6.7}{\376\377\000R\000e\000-\000E\000n\000g\000a\000g\000e\000m\000e\000n\000t\000\040\000P\000o\000o\000l}{section.3.6}% 86
\BOOKMARK [2][-]{subsection.3.6.8}{\376\377\000S\000c\000r\000a\000p\000i\000n\000g\000\040\000d\000e\000s\000\040\000p\000r\000o\000f\000i\000l\000s\000\040\000L\000i\000n\000k\000e\000d\000I\000n}{section.3.6}% 87
\BOOKMARK [2][-]{subsection.3.6.9}{\376\377\000W\000o\000r\000k\000f\000l\000o\000w\000\040\000C\000E\000O\000\040\000/\000\040\000F\000o\000u\000n\000d\000e\000r\000\040\000/\000\040\000O\000w\000n\000e\000r\000\040\000s\000c\000r\000a\000p\000i\000n\000g\000\040\000+\000\040\000e\000m\000a\000i\000l\000\040\000s\000e\000n\000d\000e\000r}{section.3.6}% 88
\BOOKMARK [2][-]{subsection.3.6.10}{\376\377\000P\000i\000p\000e\000l\000i\000n\000e\000\040\000d\000'\000i\000m\000p\000o\000r\000t\000\040\000d\000e\000s\000\040\000o\000f\000f\000r\000e\000s\000\040\000L\000i\000n\000k\000e\000d\000I\000n}{section.3.6}% 89
\BOOKMARK [2][-]{subsection.3.6.11}{\376\377\000R\000e\000v\000e\000r\000s\000e\000\040\000f\000l\000o\000w\000\040\000d\000e\000\040\000p\000u\000b\000l\000i\000c\000a\000t\000i\000o\000n\000\040\000v\000e\000r\000s\000\040\000L\000i\000n\000k\000e\000d\000I\000n}{section.3.6}% 90
\BOOKMARK [2][-]{subsection.3.6.12}{\376\377\000W\000o\000r\000k\000f\000l\000o\000w\000\040\000d\000'\000a\000u\000t\000o\000m\000a\000t\000i\000s\000a\000t\000i\000o\000n\000\040\000d\000e\000s\000\040\000m\000e\000s\000s\000a\000g\000e\000s\000\040\000L\000i\000n\000k\000e\000d\000I\000n}{section.3.6}% 91
\BOOKMARK [1][-]{section.3.7}{\376\377\000A\000u\000t\000o\000m\000a\000t\000i\000s\000a\000t\000i\000o\000n\000\040\000d\000e\000s\000\040\000w\000o\000r\000k\000f\000l\000o\000w\000s}{chapter.3}% 92
\BOOKMARK [2][-]{subsection.3.7.1}{\376\377\000W\000o\000r\000k\000f\000l\000o\000w\000s\000\040\000p\000o\000u\000r\000\040\000l\000e\000\040\000s\000o\000u\000r\000c\000i\000n\000g\000\040\000c\000a\000n\000d\000i\000d\000a\000t}{section.3.7}% 93
\BOOKMARK [2][-]{subsection.3.7.2}{\376\377\000S\000c\000r\000a\000p\000i\000n\000g\000\040\000L\000i\000n\000k\000e\000d\000I\000n\000\040\000d\000e\000s\000\040\000p\000r\000o\000f\000i\000l\000s}{section.3.7}% 94
\BOOKMARK [2][-]{subsection.3.7.3}{\376\377\000P\000i\000p\000e\000l\000i\000n\000e\000\040\000d\000'\000i\000m\000p\000o\000r\000t\000\040\000d\000e\000s\000\040\000o\000f\000f\000r\000e\000s\000\040\000d\000'\000e\000m\000p\000l\000o\000i\000\040\000L\000i\000n\000k\000e\000d\000I\000n}{section.3.7}% 95
\BOOKMARK [2][-]{subsection.3.7.4}{\376\377\000W\000o\000r\000k\000f\000l\000o\000w\000\040\000d\000'\000e\000n\000v\000o\000i\000\040\000d\000'\000e\000m\000a\000i\000l\000s}{section.3.7}% 96
\BOOKMARK [1][-]{section.3.8}{\376\377\000D\000i\000f\000f\000i\000c\000u\000l\000t\000\351\000s\000\040\000r\000e\000n\000c\000o\000n\000t\000r\000\351\000e\000s}{chapter.3}% 97
\BOOKMARK [1][-]{section.3.9}{\376\377\000C\000o\000n\000c\000l\000u\000s\000i\000o\000n}{chapter.3}% 98
\BOOKMARK [0][-]{chapter.4}{\376\377\000V\000a\000l\000i\000d\000a\000t\000i\000o\000n\000,\000\040\000E\000x\000p\000\351\000r\000i\000m\000e\000n\000t\000a\000t\000i\000o\000n\000\040\000e\000t\000\040\000\311\000v\000a\000l\000u\000a\000t\000i\000o\000n\000\040\000d\000e\000\040\000l\000a\000\040\000s\000o\000l\000u\000t\000i\000o\000n}{}% 99
\BOOKMARK [1][-]{section.4.1}{\376\377\000I\000n\000t\000r\000o\000d\000u\000c\000t\000i\000o\000n}{chapter.4}% 100
\BOOKMARK [1][-]{section.4.2}{\376\377\000S\000t\000r\000a\000t\000e\000g\000i\000e\000\040\000d\000e\000\040\000v\000a\000l\000i\000d\000a\000t\000i\000o\000n}{chapter.4}% 101
\BOOKMARK [2][-]{subsection.4.2.1}{\376\377\000V\000a\000l\000i\000d\000a\000t\000i\000o\000n\000\040\000s\000e\000l\000o\000n\000\040\000S\000c\000r\000u\000m}{section.4.2}% 102
\BOOKMARK [2][-]{subsection.4.2.2}{\376\377\000E\000v\000a\000l\000u\000a\000t\000i\000o\000n\000\040\000s\000e\000l\000o\000n\000\040\000C\000R\000I\000S\000P\000-\000D\000M}{section.4.2}% 103
\BOOKMARK [1][-]{section.4.3}{\376\377\000S\000c\000e\000n\000a\000r\000i\000o\000s\000\040\000d\000e\000\040\000t\000e\000s\000t}{chapter.4}% 104
\BOOKMARK [2][-]{subsection.4.3.1}{\376\377\000S\000c\000e\000n\000a\000r\000i\000o\000\040\000c\000a\000n\000d\000i\000d\000a\000t}{section.4.3}% 105
\BOOKMARK [2][-]{subsection.4.3.2}{\376\377\000S\000c\000e\000n\000a\000r\000i\000o\000\040\000r\000e\000c\000r\000u\000t\000e\000u\000r}{section.4.3}% 106
\BOOKMARK [2][-]{subsection.4.3.3}{\376\377\000S\000c\000e\000n\000a\000r\000i\000o\000\040\000a\000d\000m\000i\000n\000i\000s\000t\000r\000a\000t\000e\000u\000r}{section.4.3}% 107
\BOOKMARK [2][-]{subsection.4.3.4}{\376\377\000S\000c\000e\000n\000a\000r\000i\000o\000s\000\040\000d\000e\000s\000\040\000w\000o\000r\000k\000f\000l\000o\000w\000s\000\040\000a\000u\000t\000o\000m\000a\000t\000i\000s\000e\000s}{section.4.3}% 108
\BOOKMARK [3][-]{subsubsection.4.3.4.1}{\376\377\000W\000o\000r\000k\000f\000l\000o\000w\000\040\000d\000e\000\040\000s\000c\000r\000a\000p\000i\000n\000g\000\040\000d\000e\000s\000\040\000p\000r\000o\000f\000i\000l\000s\000\040\000L\000i\000n\000k\000e\000d\000I\000n}{subsection.4.3.4}% 109
\BOOKMARK [3][-]{subsubsection.4.3.4.2}{\376\377\000W\000o\000r\000k\000f\000l\000o\000w\000\040\000d\000'\000i\000m\000p\000o\000r\000t\000\040\000d\000e\000s\000\040\000o\000f\000f\000r\000e\000s\000\040\000d\000'\000e\000m\000p\000l\000o\000i\000\040\000e\000x\000t\000e\000r\000n\000e\000s}{subsection.4.3.4}% 110
\BOOKMARK [3][-]{subsubsection.4.3.4.3}{\376\377\000W\000o\000r\000k\000f\000l\000o\000w\000\040\000r\000e\000v\000e\000r\000s\000e\000\040\000f\000l\000o\000w\000\040\000d\000e\000\040\000p\000u\000b\000l\000i\000c\000a\000t\000i\000o\000n\000\040\000L\000i\000n\000k\000e\000d\000I\000n}{subsection.4.3.4}% 111
\BOOKMARK [3][-]{subsubsection.4.3.4.4}{\376\377\000W\000o\000r\000k\000f\000l\000o\000w\000\040\000d\000'\000a\000u\000t\000o\000m\000a\000t\000i\000s\000a\000t\000i\000o\000n\000\040\000d\000e\000s\000\040\000m\000e\000s\000s\000a\000g\000e\000s\000\040\000L\000i\000n\000k\000e\000d\000I\000n}{subsection.4.3.4}% 112
\BOOKMARK [3][-]{subsubsection.4.3.4.5}{\376\377\000W\000o\000r\000k\000f\000l\000o\000w\000\040\000d\000'\000e\000x\000t\000r\000a\000c\000t\000i\000o\000n\000\040\000d\000e\000s\000\040\000e\000m\000a\000i\000l\000s\000\040\000C\000E\000O\000,\000\040\000e\000n\000r\000i\000c\000h\000i\000s\000s\000e\000m\000e\000n\000t\000\040\000e\000t\000\040\000t\000r\000a\000c\000k\000i\000n\000g}{subsection.4.3.4}% 113
\BOOKMARK [1][-]{section.4.4}{\376\377\000R\000e\000s\000u\000l\000t\000a\000t\000s\000\040\000e\000x\000p\000e\000r\000i\000m\000e\000n\000t\000a\000u\000x}{chapter.4}% 114
\BOOKMARK [2][-]{subsection.4.4.1}{\376\377\000R\000e\000s\000u\000l\000t\000a\000t\000s\000\040\000d\000u\000\040\000s\000c\000o\000r\000e\000\040\000e\000x\000p\000l\000i\000c\000a\000b\000l\000e}{section.4.4}% 115
\BOOKMARK [2][-]{subsection.4.4.2}{\376\377\000R\000e\000s\000u\000l\000t\000a\000t\000s\000\040\000d\000e\000s\000\040\000r\000e\000c\000o\000m\000m\000a\000n\000d\000a\000t\000i\000o\000n\000s\000\040\000I\000A}{section.4.4}% 116
\BOOKMARK [2][-]{subsection.4.4.3}{\376\377\000R\000e\000s\000u\000l\000t\000a\000t\000s\000\040\000d\000e\000\040\000l\000a\000\040\000S\000k\000i\000l\000l\000\040\000G\000a\000p\000\040\000R\000o\000a\000d\000m\000a\000p}{section.4.4}% 117
\BOOKMARK [2][-]{subsection.4.4.4}{\376\377\000R\000e\000s\000u\000l\000t\000a\000t\000s\000\040\000d\000u\000\040\000c\000h\000a\000t\000b\000o\000t\000\040\000R\000A\000G}{section.4.4}% 118
\BOOKMARK [2][-]{subsection.4.4.5}{\376\377\000R\000e\000s\000u\000l\000t\000a\000t\000s\000\040\000d\000e\000s\000\040\000w\000o\000r\000k\000f\000l\000o\000w\000s\000\040\000n\0008\000n}{section.4.4}% 119
\BOOKMARK [1][-]{section.4.5}{\376\377\000E\000v\000a\000l\000u\000a\000t\000i\000o\000n\000\040\000d\000e\000s\000\040\000p\000e\000r\000f\000o\000r\000m\000a\000n\000c\000e\000s}{chapter.4}% 120
\BOOKMARK [2][-]{subsection.4.5.1}{\376\377\000P\000e\000r\000f\000o\000r\000m\000a\000n\000c\000e\000\040\000d\000e\000s\000\040\000m\000o\000d\000u\000l\000e\000s\000\040\000I\000A}{section.4.5}% 121
\BOOKMARK [2][-]{subsection.4.5.2}{\376\377\000P\000e\000r\000f\000o\000r\000m\000a\000n\000c\000e\000\040\000d\000e\000s\000\040\000w\000o\000r\000k\000f\000l\000o\000w\000s\000\040\000n\0008\000n}{section.4.5}% 122
\BOOKMARK [1][-]{section.4.6}{\376\377\000E\000v\000a\000l\000u\000a\000t\000i\000o\000n\000\040\000d\000e\000s\000\040\000m\000o\000d\000u\000l\000e\000s\000\040\000I\000A\000\040\000s\000e\000l\000o\000n\000\040\000C\000R\000I\000S\000P\000-\000D\000M}{chapter.4}% 123
\BOOKMARK [2][-]{subsection.4.6.1}{\376\377\000E\000v\000a\000l\000u\000a\000t\000i\000o\000n\000\040\000d\000u\000\040\000s\000c\000o\000r\000e\000\040\000e\000x\000p\000l\000i\000c\000a\000b\000l\000e}{section.4.6}% 124
\BOOKMARK [2][-]{subsection.4.6.2}{\376\377\000E\000v\000a\000l\000u\000a\000t\000i\000o\000n\000\040\000d\000e\000s\000\040\000r\000e\000c\000o\000m\000m\000a\000n\000d\000a\000t\000i\000o\000n\000s\000\040\000I\000A}{section.4.6}% 125
\BOOKMARK [2][-]{subsection.4.6.3}{\376\377\000E\000v\000a\000l\000u\000a\000t\000i\000o\000n\000\040\000d\000e\000\040\000l\000a\000\040\000r\000o\000a\000d\000m\000a\000p\000\040\000I\000A}{section.4.6}% 126
\BOOKMARK [2][-]{subsection.4.6.4}{\376\377\000E\000v\000a\000l\000u\000a\000t\000i\000o\000n\000\040\000d\000u\000\040\000c\000h\000a\000t\000b\000o\000t\000\040\000R\000A\000G}{section.4.6}% 127
\BOOKMARK [1][-]{section.4.7}{\376\377\000A\000n\000a\000l\000y\000s\000e\000\040\000c\000r\000i\000t\000i\000q\000u\000e\000\040\000e\000t\000\040\000l\000i\000m\000i\000t\000e\000s}{chapter.4}% 128
\BOOKMARK [1][-]{section.4.8}{\376\377\000C\000o\000n\000c\000l\000u\000s\000i\000o\000n}{chapter.4}% 129
